Started by user admin
Connecting to https://api.github.com using x-access-token/****** (Token temporario para indexacao GitHub no laboratorio)
Obtained Jenkinsfile from c6fc646d92df81f8a167586cdc4963b1c9ec2966
[Pipeline] Start of Pipeline
[Pipeline] withEnv
[Pipeline] {
[Pipeline] timeout
Timeout set to expire in 2 days 0 hr
[Pipeline] {
[Pipeline] timestamps
[Pipeline] {
[Pipeline] stage
[Pipeline] { (CI)
[Pipeline] timeout
[2026-09-28T18:08:11.460Z] Timeout set to expire in 20 min
[Pipeline] {
[Pipeline] node
[2026-09-28T18:08:11.506Z] Running on linux-docker in /home/jenkins/agent/workspace/carparts_main
[Pipeline] {
[Pipeline] checkout
[2026-09-28T18:08:11.557Z] The recommended git tool is: NONE
[2026-09-28T18:08:11.561Z] using credential github-scan
[2026-09-28T18:08:11.663Z] Fetching changes from the remote Git repository
[2026-09-28T18:08:11.669Z] Fetching without tags
[2026-09-28T18:08:11.948Z] Checking out Revision c6fc646d92df81f8a167586cdc4963b1c9ec2966 (main)
[2026-09-28T18:08:11.957Z] Commit message: "Autentica indexacao Multibranch com token efemero do GitHub Actions"
[2026-09-28T18:08:11.661Z]  > git rev-parse --resolve-git-dir /home/jenkins/agent/workspace/carparts_main/.git # timeout=10
[2026-09-28T18:08:11.666Z]  > git config remote.origin.url https://github.com/miguelsenai2024/Jenkins-Aula-6.git # timeout=10
[2026-09-28T18:08:11.669Z] Fetching upstream changes from https://github.com/miguelsenai2024/Jenkins-Aula-6.git
[2026-09-28T18:08:11.670Z]  > git --version # timeout=10
[2026-09-28T18:08:11.672Z]  > git --version # 'git version 2.47.3'
[2026-09-28T18:08:11.672Z] using GIT_ASKPASS to set credentials Token temporario para indexacao GitHub no laboratorio
[2026-09-28T18:08:11.675Z]  > git fetch --no-tags --force --progress -- https://github.com/miguelsenai2024/Jenkins-Aula-6.git +refs/heads/main:refs/remotes/origin/main # timeout=10
[2026-09-28T18:08:11.949Z]  > git config core.sparsecheckout # timeout=10
[2026-09-28T18:08:11.951Z]  > git checkout -f c6fc646d92df81f8a167586cdc4963b1c9ec2966 # timeout=10
[2026-09-28T18:08:11.958Z]  > git rev-list --no-walk c6fc646d92df81f8a167586cdc4963b1c9ec2966 # timeout=10
[Pipeline] withEnv
[Pipeline] {
[Pipeline] stage
[Pipeline] { (Qualidade)
[Pipeline] script
[Pipeline] {
[Pipeline] sh
[2026-09-28T18:08:12.992Z] + git rev-parse HEAD
[Pipeline] sh
[2026-09-28T18:08:13.319Z] + git show -s --format=%ct HEAD
[Pipeline] }
[Pipeline] // script
[Pipeline] dir
[2026-09-28T18:08:13.435Z] Running in /home/jenkins/agent/workspace/carparts_main/api
[Pipeline] {
[Pipeline] sh
[2026-09-28T18:08:13.742Z] + npm ci
[2026-09-28T18:08:13.742Z] 
[2026-09-28T18:08:13.742Z] up to date, audited 1 package in 127ms
[2026-09-28T18:08:13.742Z] 
[2026-09-28T18:08:13.742Z] found 0 vulnerabilities
[Pipeline] sh
[2026-09-28T18:08:14.052Z] + npm run lint
[2026-09-28T18:08:14.052Z] 
[2026-09-28T18:08:14.052Z] > carparts-api@1.0.0 lint
[2026-09-28T18:08:14.052Z] > node --check server.js && node --check server.test.js
[2026-09-28T18:08:14.052Z] 
[Pipeline] sh
[2026-09-28T18:08:14.325Z] + npm test
[2026-09-28T18:08:14.325Z] 
[2026-09-28T18:08:14.325Z] > carparts-api@1.0.0 pretest
[2026-09-28T18:08:14.325Z] > node -e "require('node:fs').mkdirSync('reports',{recursive:true})"
[2026-09-28T18:08:14.325Z] 
[2026-09-28T18:08:14.325Z] 
[2026-09-28T18:08:14.325Z] > carparts-api@1.0.0 test
[2026-09-28T18:08:14.325Z] > node --test --test-reporter=junit --test-reporter-destination=reports/junit.xml server.test.js
[2026-09-28T18:08:14.325Z] 
[Pipeline] }
[Pipeline] // dir
Post stage
[Pipeline] junit
[2026-09-28T18:08:14.479Z] Recording test results
[2026-09-28T18:08:14.486Z] [Checks API] No suitable checks publisher found.
[Pipeline] }
[Pipeline] // stage
[Pipeline] stage
[Pipeline] { (Build da imagem)
[Pipeline] sh
[2026-09-28T18:08:14.782Z] + docker build --build-arg BUILD_COMMIT=c6fc646d92df81f8a167586cdc4963b1c9ec2966 --build-arg APP_VERSION=6-c6fc646d92df -t carpartsacr.azurecr.io/carparts-api:6-c6fc646d92df api
[2026-09-28T18:08:14.782Z] DEPRECATED: The legacy builder is deprecated and will be removed in a future release.
[2026-09-28T18:08:14.782Z]             Install the buildx component to build images with BuildKit:
[2026-09-28T18:08:14.782Z]             https://docs.docker.com/go/buildx/
[2026-09-28T18:08:14.782Z] 
[2026-09-28T18:08:14.782Z] Sending build context to Docker daemon  7.168kB[2026-09-28T18:08:14.782Z] 
[2026-09-28T18:08:14.782Z] Step 1/10 : FROM node:22-alpine
[2026-09-28T18:08:14.782Z]  ---> 7c3b093add7c
[2026-09-28T18:08:14.782Z] Step 2/10 : ARG BUILD_COMMIT=local
[2026-09-28T18:08:14.782Z]  ---> Using cache
[2026-09-28T18:08:14.782Z]  ---> 67cb02d9d96e
[2026-09-28T18:08:14.782Z] Step 3/10 : ARG APP_VERSION=dev
[2026-09-28T18:08:14.782Z]  ---> Using cache
[2026-09-28T18:08:14.782Z]  ---> 0222c69eddc2
[2026-09-28T18:08:14.782Z] Step 4/10 : ENV NODE_ENV=production PORT=3000 BUILD_COMMIT=$BUILD_COMMIT APP_VERSION=$APP_VERSION
[2026-09-28T18:08:14.782Z]  ---> Running in 6c74aacbb727
[2026-09-28T18:08:15.038Z]  ---> Removed intermediate container 6c74aacbb727
[2026-09-28T18:08:15.038Z]  ---> 1c5aea410b32
[2026-09-28T18:08:15.038Z] Step 5/10 : LABEL org.opencontainers.image.revision=$BUILD_COMMIT
[2026-09-28T18:08:15.038Z]  ---> Running in 259f0ae30a2c
[2026-09-28T18:08:16.395Z]  ---> Removed intermediate container 259f0ae30a2c
[2026-09-28T18:08:16.395Z]  ---> 00474dbad167
[2026-09-28T18:08:16.395Z] Step 6/10 : WORKDIR /app
[2026-09-28T18:08:16.395Z]  ---> Running in c75df69c3e63
[2026-09-28T18:08:17.317Z]  ---> Removed intermediate container c75df69c3e63
[2026-09-28T18:08:17.317Z]  ---> e71b3bf460be
[2026-09-28T18:08:17.317Z] Step 7/10 : COPY --chown=node:node package.json server.js ./
[2026-09-28T18:08:18.239Z]  ---> 8d4df11facce
[2026-09-28T18:08:18.239Z] Step 8/10 : USER node
[2026-09-28T18:08:18.239Z]  ---> Running in 629493d57f82
[2026-09-28T18:08:19.597Z]  ---> Removed intermediate container 629493d57f82
[2026-09-28T18:08:19.597Z]  ---> f4281e715586
[2026-09-28T18:08:19.597Z] Step 9/10 : EXPOSE 3000
[2026-09-28T18:08:19.597Z]  ---> Running in a199fbdca266
[2026-09-28T18:08:20.155Z]  ---> Removed intermediate container a199fbdca266
[2026-09-28T18:08:20.155Z]  ---> c82c63c9b04f
[2026-09-28T18:08:20.155Z] Step 10/10 : CMD ["node", "server.js"]
[2026-09-28T18:08:20.410Z]  ---> Running in 89b6e9368492
[2026-09-28T18:08:21.332Z]  ---> Removed intermediate container 89b6e9368492
[2026-09-28T18:08:21.332Z]  ---> c53caf622efa
[2026-09-28T18:08:21.332Z] Successfully built c53caf622efa
[2026-09-28T18:08:21.332Z] Successfully tagged carpartsacr.azurecr.io/carparts-api:6-c6fc646d92df
[Pipeline] sh
[2026-09-28T18:08:21.695Z] + set -eu
[2026-09-28T18:08:21.695Z] + date +%s
[2026-09-28T18:08:21.695Z] + CONTAINER=smoke-6-1790618901
[2026-09-28T18:08:21.695Z] + trap docker rm -f "$CONTAINER" >/dev/null 2>&1 || true EXIT
[2026-09-28T18:08:21.695Z] + docker run -d --name smoke-6-1790618901 carpartsacr.azurecr.io/carparts-api:6-c6fc646d92df
[2026-09-28T18:08:21.695Z] d141372d928a5b69301a764ced357936cf9babb4a220ce6e07ed3bec28b9d456
[2026-09-28T18:08:21.949Z] + docker exec smoke-6-1790618901 node --input-type=module -e 
[2026-09-28T18:08:21.949Z]                                 for(let attempt=0;attempt<30;attempt++) {
[2026-09-28T18:08:21.949Z]                                     try {
[2026-09-28T18:08:21.949Z]                                         const r=await fetch("http://localhost:3000/health");
[2026-09-28T18:08:21.949Z]                                         const body=await r.json();
[2026-09-28T18:08:21.949Z]                                         if(!r.ok || body.commit!==process.env.BUILD_COMMIT) throw Error("Artefato inesperado");
[2026-09-28T18:08:21.949Z]                                         console.log(JSON.stringify(body)); process.exit(0);
[2026-09-28T18:08:21.949Z]                                     } catch(e) { if(attempt===29) throw e; await new Promise(r=>setTimeout(r,1000)); }
[2026-09-28T18:08:21.949Z]                                 }
[2026-09-28T18:08:22.203Z] {"status":"ok","app":"carparts-api","version":"6-c6fc646d92df","commit":"c6fc646d92df81f8a167586cdc4963b1c9ec2966"}
[2026-09-28T18:08:22.203Z] + docker rm -f smoke-6-1790618901
[Pipeline] }
[Pipeline] // stage
[Pipeline] stage
[Pipeline] { (Publicacao no ACR)
Stage "Publicacao no ACR" skipped due to when conditional
[Pipeline] getContext
[Pipeline] }
[Pipeline] // stage
[Pipeline] }
[Pipeline] // withEnv
[Pipeline] }
[Pipeline] // node
[Pipeline] }
[Pipeline] // timeout
[Pipeline] }
[Pipeline] // stage
[Pipeline] stage
[Pipeline] { (Deploy homologacao)
[Pipeline] timeout
[2026-09-28T18:08:23.515Z] Timeout set to expire in 15 min
[Pipeline] {
[Pipeline] }
[Pipeline] // timeout
Stage "Deploy homologacao" skipped due to when conditional
[Pipeline] getContext
[Pipeline] }
[Pipeline] // stage
[Pipeline] stage
[Pipeline] { (Aprovacao)
Stage "Aprovacao" skipped due to when conditional
[Pipeline] getContext
[Pipeline] }
[Pipeline] // stage
[Pipeline] stage
[Pipeline] { (Deploy producao)
[Pipeline] timeout
[2026-09-28T18:08:23.948Z] Timeout set to expire in 15 min
[Pipeline] {
[Pipeline] }
[Pipeline] // timeout
Stage "Deploy producao" skipped due to when conditional
[Pipeline] getContext
[Pipeline] }
[Pipeline] // stage
[Pipeline] stage
[Pipeline] { (Declarative: Post Actions)
[Pipeline] echo
[2026-09-28T18:08:24.230Z] Concluido: carparts/main #6; deploy Azure habilitado=false
[Pipeline] }
[Pipeline] // stage
[Pipeline] }
[Pipeline] // timestamps
[Pipeline] }
[Pipeline] // timeout
[Pipeline] }
[Pipeline] // withEnv
[Pipeline] End of Pipeline
