Started by user admin
Connecting to https://api.github.com using x-access-token/****** (Token temporario para indexacao GitHub no laboratorio)
Obtained Jenkinsfile from 3ce9db782014bf4f9a6156a075ea5727db29313e
[Pipeline] Start of Pipeline
[Pipeline] withEnv
[Pipeline] {
[Pipeline] timeout
Timeout set to expire in 2 days 0 hr
[Pipeline] {
[Pipeline] timestamps
[Pipeline] {
[Pipeline] stage
[Pipeline] { (CI)
[Pipeline] timeout
[2026-10-01T01:55:09.802Z] Timeout set to expire in 20 min
[Pipeline] {
[Pipeline] node
[2026-10-01T01:55:09.827Z] Running on linux-docker in /home/jenkins/agent/workspace/carparts_main
[Pipeline] {
[Pipeline] checkout
[2026-10-01T01:55:09.855Z] The recommended git tool is: NONE
[2026-10-01T01:55:09.860Z] using credential github-scan
[2026-10-01T01:55:09.865Z] Fetching changes from the remote Git repository
[2026-10-01T01:55:09.872Z] Fetching without tags
[2026-10-01T01:55:10.079Z] Checking out Revision 3ce9db782014bf4f9a6156a075ea5727db29313e (main)
[2026-10-01T01:55:10.090Z] Commit message: "Registra evidencias verificadas de CI e PR e identifica pendencias Azure e webhook"
[2026-10-01T01:55:09.862Z]  > git rev-parse --resolve-git-dir /home/jenkins/agent/workspace/carparts_main/.git # timeout=10
[2026-10-01T01:55:09.869Z]  > git config remote.origin.url https://github.com/miguelsenai2024/Jenkins-Aula-6.git # timeout=10
[2026-10-01T01:55:09.873Z] Fetching upstream changes from https://github.com/miguelsenai2024/Jenkins-Aula-6.git
[2026-10-01T01:55:09.873Z]  > git --version # timeout=10
[2026-10-01T01:55:09.875Z]  > git --version # 'git version 2.47.3'
[2026-10-01T01:55:09.876Z] using GIT_ASKPASS to set credentials Token temporario para indexacao GitHub no laboratorio
[2026-10-01T01:55:09.879Z]  > git fetch --no-tags --force --progress -- https://github.com/miguelsenai2024/Jenkins-Aula-6.git +refs/heads/main:refs/remotes/origin/main # timeout=10
[2026-10-01T01:55:10.081Z]  > git config core.sparsecheckout # timeout=10
[2026-10-01T01:55:10.083Z]  > git checkout -f 3ce9db782014bf4f9a6156a075ea5727db29313e # timeout=10
[2026-10-01T01:55:10.091Z]  > git rev-list --no-walk 3ce9db782014bf4f9a6156a075ea5727db29313e # timeout=10
[2026-10-01T01:55:10.478Z] 
[2026-10-01T01:55:10.478Z] Could not update commit status. Message: {"message":"Resource not accessible by integration","documentation_url":"https://docs.github.com/rest/commits/statuses#create-a-commit-status","status":"403"}
[2026-10-01T01:55:10.478Z] 
[Pipeline] withEnv
[Pipeline] {
[Pipeline] stage
[Pipeline] { (Qualidade)
[Pipeline] script
[Pipeline] {
[Pipeline] sh
[2026-10-01T01:55:10.807Z] + git rev-parse HEAD
[Pipeline] sh
[2026-10-01T01:55:11.084Z] + git show -s --format=%ct HEAD
[Pipeline] }
[Pipeline] // script
[Pipeline] dir
[2026-10-01T01:55:11.124Z] Running in /home/jenkins/agent/workspace/carparts_main/api
[Pipeline] {
[Pipeline] sh
[2026-10-01T01:55:11.398Z] + npm ci
[2026-10-01T01:55:11.398Z] 
[2026-10-01T01:55:11.398Z] up to date, audited 1 package in 177ms
[2026-10-01T01:55:11.398Z] 
[2026-10-01T01:55:11.398Z] found 0 vulnerabilities
[Pipeline] sh
[2026-10-01T01:55:11.670Z] + npm run lint
[2026-10-01T01:55:11.670Z] 
[2026-10-01T01:55:11.670Z] > carparts-api@1.0.0 lint
[2026-10-01T01:55:11.670Z] > node --check server.js && node --check server.test.js
[2026-10-01T01:55:11.670Z] 
[Pipeline] sh
[2026-10-01T01:55:11.975Z] + npm test
[2026-10-01T01:55:11.975Z] 
[2026-10-01T01:55:11.975Z] > carparts-api@1.0.0 pretest
[2026-10-01T01:55:11.975Z] > node -e "require('node:fs').mkdirSync('reports',{recursive:true})"
[2026-10-01T01:55:11.975Z] 
[2026-10-01T01:55:11.975Z] 
[2026-10-01T01:55:11.975Z] > carparts-api@1.0.0 test
[2026-10-01T01:55:11.975Z] > node --test --test-reporter=junit --test-reporter-destination=reports/junit.xml server.test.js
[2026-10-01T01:55:11.975Z] 
[Pipeline] }
[Pipeline] // dir
Post stage
[Pipeline] junit
[2026-10-01T01:55:12.320Z] Recording test results
[2026-10-01T01:55:12.328Z] [Checks API] No suitable checks publisher found.
[Pipeline] }
[Pipeline] // stage
[Pipeline] stage
[Pipeline] { (Build da imagem)
[Pipeline] sh
[2026-10-01T01:55:12.640Z] + docker build --build-arg BUILD_COMMIT=3ce9db782014bf4f9a6156a075ea5727db29313e --build-arg APP_VERSION=5-3ce9db782014 -t carpartsacr.azurecr.io/carparts-api:5-3ce9db782014 api
[2026-10-01T01:55:12.640Z] DEPRECATED: The legacy builder is deprecated and will be removed in a future release.
[2026-10-01T01:55:12.640Z]             Install the buildx component to build images with BuildKit:
[2026-10-01T01:55:12.640Z]             https://docs.docker.com/go/buildx/
[2026-10-01T01:55:12.640Z] 
[2026-10-01T01:55:12.640Z] Sending build context to Docker daemon  7.168kB[2026-10-01T01:55:12.640Z] 
[2026-10-01T01:55:12.640Z] Step 1/10 : FROM node:22-alpine
[2026-10-01T01:55:12.640Z]  ---> 7c3b093add7c
[2026-10-01T01:55:12.640Z] Step 2/10 : ARG BUILD_COMMIT=local
[2026-10-01T01:55:12.640Z]  ---> Using cache
[2026-10-01T01:55:12.640Z]  ---> 0b354791cd26
[2026-10-01T01:55:12.640Z] Step 3/10 : ARG APP_VERSION=dev
[2026-10-01T01:55:12.640Z]  ---> Using cache
[2026-10-01T01:55:12.640Z]  ---> f39a67ac00f7
[2026-10-01T01:55:12.640Z] Step 4/10 : ENV NODE_ENV=production PORT=3000 BUILD_COMMIT=$BUILD_COMMIT APP_VERSION=$APP_VERSION
[2026-10-01T01:55:12.640Z]  ---> Running in 39f3ca45a517
[2026-10-01T01:55:13.198Z]  ---> Removed intermediate container 39f3ca45a517
[2026-10-01T01:55:13.198Z]  ---> dd2d58faf495
[2026-10-01T01:55:13.198Z] Step 5/10 : LABEL org.opencontainers.image.revision=$BUILD_COMMIT
[2026-10-01T01:55:13.198Z]  ---> Running in 5920568e19af
[2026-10-01T01:55:14.119Z]  ---> Removed intermediate container 5920568e19af
[2026-10-01T01:55:14.119Z]  ---> 20253d18b6f8
[2026-10-01T01:55:14.119Z] Step 6/10 : WORKDIR /app
[2026-10-01T01:55:14.119Z]  ---> Running in 34fb8ac1cebb
[2026-10-01T01:55:15.041Z]  ---> Removed intermediate container 34fb8ac1cebb
[2026-10-01T01:55:15.041Z]  ---> 525f80933cd6
[2026-10-01T01:55:15.041Z] Step 7/10 : COPY --chown=node:node package.json server.js ./
[2026-10-01T01:55:16.399Z]  ---> ad7f4638ad12
[2026-10-01T01:55:16.399Z] Step 8/10 : USER node
[2026-10-01T01:55:16.399Z]  ---> Running in 5ac974b9c8ba
[2026-10-01T01:55:17.320Z]  ---> Removed intermediate container 5ac974b9c8ba
[2026-10-01T01:55:17.320Z]  ---> 09f29c610724
[2026-10-01T01:55:17.320Z] Step 9/10 : EXPOSE 3000
[2026-10-01T01:55:17.320Z]  ---> Running in 0fb2fe000ee8
[2026-10-01T01:55:18.242Z]  ---> Removed intermediate container 0fb2fe000ee8
[2026-10-01T01:55:18.242Z]  ---> 675a43c93081
[2026-10-01T01:55:18.242Z] Step 10/10 : CMD ["node", "server.js"]
[2026-10-01T01:55:18.242Z]  ---> Running in 5c7cada120e5
[2026-10-01T01:55:19.164Z]  ---> Removed intermediate container 5c7cada120e5
[2026-10-01T01:55:19.164Z]  ---> be6767f72a31
[2026-10-01T01:55:19.164Z] Successfully built be6767f72a31
[2026-10-01T01:55:19.164Z] Successfully tagged carpartsacr.azurecr.io/carparts-api:5-3ce9db782014
[Pipeline] sh
[2026-10-01T01:55:19.438Z] + set -eu
[2026-10-01T01:55:19.438Z] + date +%s
[2026-10-01T01:55:19.438Z] + CONTAINER=smoke-5-1790819719
[2026-10-01T01:55:19.438Z] + trap docker rm -f "$CONTAINER" >/dev/null 2>&1 || true EXIT
[2026-10-01T01:55:19.438Z] + docker run -d --name smoke-5-1790819719 carpartsacr.azurecr.io/carparts-api:5-3ce9db782014
[2026-10-01T01:55:19.438Z] 28a5850db2c89bf71f5db798ad5356ac0e25060b8a85756af0c8f328ea3be758
[2026-10-01T01:55:19.438Z] + docker exec smoke-5-1790819719 node --input-type=module -e 
[2026-10-01T01:55:19.438Z]                                 for(let attempt=0;attempt<30;attempt++) {
[2026-10-01T01:55:19.438Z]                                     try {
[2026-10-01T01:55:19.438Z]                                         const r=await fetch("http://localhost:3000/health");
[2026-10-01T01:55:19.438Z]                                         const body=await r.json();
[2026-10-01T01:55:19.441Z]                                         if(!r.ok || body.commit!==process.env.BUILD_COMMIT) throw Error("Artefato inesperado");
[2026-10-01T01:55:19.441Z]                                         console.log(JSON.stringify(body)); process.exit(0);
[2026-10-01T01:55:19.441Z]                                     } catch(e) { if(attempt===29) throw e; await new Promise(r=>setTimeout(r,1000)); }
[2026-10-01T01:55:19.441Z]                                 }
[2026-10-01T01:55:19.695Z] {"status":"ok","app":"carparts-api","version":"5-3ce9db782014","commit":"3ce9db782014bf4f9a6156a075ea5727db29313e"}
[2026-10-01T01:55:19.695Z] + docker rm -f smoke-5-1790819719
[Pipeline] }
[Pipeline] // stage
[Pipeline] stage
[Pipeline] { (Publicacao no ACR)
Stage "Publicacao no ACR" skipped due to when conditional
[Pipeline] getContext
[Pipeline] }
[Pipeline] // stage
[Pipeline] }
[Pipeline] // withEnv
[Pipeline] }
[Pipeline] // node
[Pipeline] }
[Pipeline] // timeout
[Pipeline] }
[Pipeline] // stage
[Pipeline] stage
[Pipeline] { (Deploy homologacao)
[Pipeline] timeout
[2026-10-01T01:55:19.864Z] Timeout set to expire in 15 min
[Pipeline] {
[Pipeline] }
[Pipeline] // timeout
Stage "Deploy homologacao" skipped due to when conditional
[Pipeline] getContext
[Pipeline] }
[Pipeline] // stage
[Pipeline] stage
[Pipeline] { (Aprovacao)
Stage "Aprovacao" skipped due to when conditional
[Pipeline] getContext
[Pipeline] }
[Pipeline] // stage
[Pipeline] stage
[Pipeline] { (Deploy producao)
[Pipeline] timeout
[2026-10-01T01:55:19.973Z] Timeout set to expire in 15 min
[Pipeline] {
[Pipeline] }
[Pipeline] // timeout
Stage "Deploy producao" skipped due to when conditional
[Pipeline] getContext
[Pipeline] }
[Pipeline] // stage
[Pipeline] stage
[Pipeline] { (Declarative: Post Actions)
[Pipeline] echo
[2026-10-01T01:55:20.045Z] Concluido: carparts/main #5; deploy Azure habilitado=false
[Pipeline] }
[Pipeline] // stage
[Pipeline] }
[Pipeline] // timestamps
[Pipeline] }
[Pipeline] // timeout
[Pipeline] }
[Pipeline] // withEnv
[Pipeline] End of Pipeline

Could not update commit status. Message: {"message":"Resource not accessible by integration","documentation_url":"https://docs.github.com/rest/commits/statuses#create-a-commit-status","status":"403"}

Finished: SUCCESS
