Started by user admin
Connecting to https://api.github.com using x-access-token/****** (Token temporario para indexacao GitHub no laboratorio)
Obtained Jenkinsfile from c6fc646d92df81f8a167586cdc4963b1c9ec2966
[Pipeline] Start of Pipeline
[Pipeline] withEnv
[Pipeline] {
[Pipeline] timeout
Timeout set to expire in 2 days 0 hr
[Pipeline] {
[Pipeline] timestamps
[Pipeline] {
[Pipeline] stage
[Pipeline] { (CI)
[Pipeline] timeout
[2026-09-28T18:10:21.218Z] Timeout set to expire in 20 min
[Pipeline] {
[Pipeline] node
[2026-09-28T18:10:21.241Z] Running on linux-docker in /home/jenkins/agent/workspace/carparts_main
[Pipeline] {
[Pipeline] checkout
[2026-09-28T18:10:21.271Z] The recommended git tool is: NONE
[2026-09-28T18:10:21.276Z] using credential github-scan
[2026-09-28T18:10:21.281Z] Fetching changes from the remote Git repository
[2026-09-28T18:10:21.286Z] Fetching without tags
[2026-09-28T18:10:21.525Z] Checking out Revision c6fc646d92df81f8a167586cdc4963b1c9ec2966 (main)
[2026-09-28T18:10:21.534Z] Commit message: "Autentica indexacao Multibranch com token efemero do GitHub Actions"
[2026-09-28T18:10:21.278Z]  > git rev-parse --resolve-git-dir /home/jenkins/agent/workspace/carparts_main/.git # timeout=10
[2026-09-28T18:10:21.283Z]  > git config remote.origin.url https://github.com/miguelsenai2024/Jenkins-Aula-6.git # timeout=10
[2026-09-28T18:10:21.286Z] Fetching upstream changes from https://github.com/miguelsenai2024/Jenkins-Aula-6.git
[2026-09-28T18:10:21.287Z]  > git --version # timeout=10
[2026-09-28T18:10:21.288Z]  > git --version # 'git version 2.47.3'
[2026-09-28T18:10:21.288Z] using GIT_ASKPASS to set credentials Token temporario para indexacao GitHub no laboratorio
[2026-09-28T18:10:21.291Z]  > git fetch --no-tags --force --progress -- https://github.com/miguelsenai2024/Jenkins-Aula-6.git +refs/heads/main:refs/remotes/origin/main # timeout=10
[2026-09-28T18:10:21.526Z]  > git config core.sparsecheckout # timeout=10
[2026-09-28T18:10:21.529Z]  > git checkout -f c6fc646d92df81f8a167586cdc4963b1c9ec2966 # timeout=10
[2026-09-28T18:10:21.535Z]  > git rev-list --no-walk c6fc646d92df81f8a167586cdc4963b1c9ec2966 # timeout=10
[Pipeline] withEnv
[Pipeline] {
[Pipeline] stage
[Pipeline] { (Qualidade)
[Pipeline] script
[Pipeline] {
[Pipeline] sh
[2026-09-28T18:10:22.804Z] + git rev-parse HEAD
[Pipeline] sh
[2026-09-28T18:10:23.111Z] + git show -s --format=%ct HEAD
[Pipeline] }
[Pipeline] // script
[Pipeline] dir
[2026-09-28T18:10:23.248Z] Running in /home/jenkins/agent/workspace/carparts_main/api
[Pipeline] {
[Pipeline] sh
[2026-09-28T18:10:23.521Z] + npm ci
[2026-09-28T18:10:23.521Z] 
[2026-09-28T18:10:23.521Z] up to date, audited 1 package in 133ms
[2026-09-28T18:10:23.521Z] 
[2026-09-28T18:10:23.521Z] found 0 vulnerabilities
[Pipeline] sh
[2026-09-28T18:10:23.836Z] + npm run lint
[2026-09-28T18:10:23.836Z] 
[2026-09-28T18:10:23.836Z] > carparts-api@1.0.0 lint
[2026-09-28T18:10:23.836Z] > node --check server.js && node --check server.test.js
[2026-09-28T18:10:23.836Z] 
[Pipeline] sh
[2026-09-28T18:10:24.106Z] + npm test
[2026-09-28T18:10:24.106Z] 
[2026-09-28T18:10:24.106Z] > carparts-api@1.0.0 pretest
[2026-09-28T18:10:24.106Z] > node -e "require('node:fs').mkdirSync('reports',{recursive:true})"
[2026-09-28T18:10:24.106Z] 
[2026-09-28T18:10:24.106Z] 
[2026-09-28T18:10:24.106Z] > carparts-api@1.0.0 test
[2026-09-28T18:10:24.106Z] > node --test --test-reporter=junit --test-reporter-destination=reports/junit.xml server.test.js
[2026-09-28T18:10:24.106Z] 
[Pipeline] }
[Pipeline] // dir
Post stage
[Pipeline] junit
[2026-09-28T18:10:24.208Z] Recording test results
[2026-09-28T18:10:24.271Z] [Checks API] No suitable checks publisher found.
[Pipeline] }
[Pipeline] // stage
[Pipeline] stage
[Pipeline] { (Build da imagem)
[Pipeline] sh
[2026-09-28T18:10:24.822Z] + docker build --build-arg BUILD_COMMIT=c6fc646d92df81f8a167586cdc4963b1c9ec2966 --build-arg APP_VERSION=11-c6fc646d92df -t carpartsacr.azurecr.io/carparts-api:11-c6fc646d92df api
[2026-09-28T18:10:24.822Z] DEPRECATED: The legacy builder is deprecated and will be removed in a future release.
[2026-09-28T18:10:24.822Z]             Install the buildx component to build images with BuildKit:
[2026-09-28T18:10:24.822Z]             https://docs.docker.com/go/buildx/
[2026-09-28T18:10:24.822Z] 
[2026-09-28T18:10:24.822Z] Sending build context to Docker daemon  7.168kB[2026-09-28T18:10:24.822Z] 
[2026-09-28T18:10:24.822Z] Step 1/10 : FROM node:22-alpine
[2026-09-28T18:10:24.822Z]  ---> 7c3b093add7c
[2026-09-28T18:10:24.822Z] Step 2/10 : ARG BUILD_COMMIT=local
[2026-09-28T18:10:24.822Z]  ---> Using cache
[2026-09-28T18:10:24.822Z]  ---> 67cb02d9d96e
[2026-09-28T18:10:24.822Z] Step 3/10 : ARG APP_VERSION=dev
[2026-09-28T18:10:24.822Z]  ---> Using cache
[2026-09-28T18:10:24.822Z]  ---> 0222c69eddc2
[2026-09-28T18:10:24.822Z] Step 4/10 : ENV NODE_ENV=production PORT=3000 BUILD_COMMIT=$BUILD_COMMIT APP_VERSION=$APP_VERSION
[2026-09-28T18:10:24.822Z]  ---> Running in c2b6c1509759
[2026-09-28T18:10:25.380Z]  ---> Removed intermediate container c2b6c1509759
[2026-09-28T18:10:25.380Z]  ---> b215597c9aaa
[2026-09-28T18:10:25.380Z] Step 5/10 : LABEL org.opencontainers.image.revision=$BUILD_COMMIT
[2026-09-28T18:10:25.380Z]  ---> Running in efa5b60c764d
[2026-09-28T18:10:26.301Z]  ---> Removed intermediate container efa5b60c764d
[2026-09-28T18:10:26.301Z]  ---> 27dac2bccd0b
[2026-09-28T18:10:26.301Z] Step 6/10 : WORKDIR /app
[2026-09-28T18:10:26.301Z]  ---> Running in 5da7cc724f2a
[2026-09-28T18:10:27.232Z]  ---> Removed intermediate container 5da7cc724f2a
[2026-09-28T18:10:27.232Z]  ---> 128a4f7a4679
[2026-09-28T18:10:27.232Z] Step 7/10 : COPY --chown=node:node package.json server.js ./
[2026-09-28T18:10:28.313Z]  ---> 04927b0e1d84
[2026-09-28T18:10:28.313Z] Step 8/10 : USER node
[2026-09-28T18:10:28.313Z]  ---> Running in 81c8889963ff
[2026-09-28T18:10:29.235Z]  ---> Removed intermediate container 81c8889963ff
[2026-09-28T18:10:29.235Z]  ---> 2c4d7c36a4aa
[2026-09-28T18:10:29.235Z] Step 9/10 : EXPOSE 3000
[2026-09-28T18:10:29.235Z]  ---> Running in 82de2dfb05e5
[2026-09-28T18:10:30.591Z]  ---> Removed intermediate container 82de2dfb05e5
[2026-09-28T18:10:30.591Z]  ---> 2f32b8e7be65
[2026-09-28T18:10:30.591Z] Step 10/10 : CMD ["node", "server.js"]
[2026-09-28T18:10:30.591Z]  ---> Running in 4718fd09d33d
[2026-09-28T18:10:31.149Z]  ---> Removed intermediate container 4718fd09d33d
[2026-09-28T18:10:31.149Z]  ---> 04a389aced6d
[2026-09-28T18:10:31.149Z] Successfully built 04a389aced6d
[2026-09-28T18:10:31.149Z] Successfully tagged carpartsacr.azurecr.io/carparts-api:11-c6fc646d92df
[Pipeline] sh
[2026-09-28T18:10:31.609Z] + set -eu
[2026-09-28T18:10:31.609Z] + date +%s
[2026-09-28T18:10:31.609Z] + CONTAINER=smoke-11-1790619031
[2026-09-28T18:10:31.609Z] + trap docker rm -f "$CONTAINER" >/dev/null 2>&1 || true EXIT
[2026-09-28T18:10:31.609Z] + docker run -d --name smoke-11-1790619031 carpartsacr.azurecr.io/carparts-api:11-c6fc646d92df
[2026-09-28T18:10:31.862Z] 94c61aba44eb48bf2f126e9f641ccebfffa24833871587532c93e7e27949dccc
[2026-09-28T18:10:32.419Z] + docker exec smoke-11-1790619031 node --input-type=module -e 
[2026-09-28T18:10:32.419Z]                                 for(let attempt=0;attempt<30;attempt++) {
[2026-09-28T18:10:32.419Z]                                     try {
[2026-09-28T18:10:32.419Z]                                         const r=await fetch("http://localhost:3000/health");
[2026-09-28T18:10:32.419Z]                                         const body=await r.json();
[2026-09-28T18:10:32.419Z]                                         if(!r.ok || body.commit!==process.env.BUILD_COMMIT) throw Error("Artefato inesperado");
[2026-09-28T18:10:32.419Z]                                         console.log(JSON.stringify(body)); process.exit(0);
[2026-09-28T18:10:32.419Z]                                     } catch(e) { if(attempt===29) throw e; await new Promise(r=>setTimeout(r,1000)); }
[2026-09-28T18:10:32.419Z]                                 }
[2026-09-28T18:10:32.673Z] {"status":"ok","app":"carparts-api","version":"11-c6fc646d92df","commit":"c6fc646d92df81f8a167586cdc4963b1c9ec2966"}
[2026-09-28T18:10:32.673Z] + docker rm -f smoke-11-1790619031
[Pipeline] }
[Pipeline] // stage
[Pipeline] stage
[Pipeline] { (Publicacao no ACR)
Stage "Publicacao no ACR" skipped due to when conditional
[Pipeline] getContext
[Pipeline] }
[Pipeline] // stage
[Pipeline] }
[Pipeline] // withEnv
[Pipeline] }
[Pipeline] // node
[Pipeline] }
[Pipeline] // timeout
[Pipeline] }
[Pipeline] // stage
[Pipeline] stage
[Pipeline] { (Deploy homologacao)
[Pipeline] timeout
[2026-09-28T18:10:33.136Z] Timeout set to expire in 15 min
[Pipeline] {
[Pipeline] }
[Pipeline] // timeout
Stage "Deploy homologacao" skipped due to when conditional
[Pipeline] getContext
[Pipeline] }
[Pipeline] // stage
[Pipeline] stage
[Pipeline] { (Aprovacao)
Stage "Aprovacao" skipped due to when conditional
[Pipeline] getContext
[Pipeline] }
[Pipeline] // stage
[Pipeline] stage
[Pipeline] { (Deploy producao)
[Pipeline] timeout
[2026-09-28T18:10:33.800Z] Timeout set to expire in 15 min
[Pipeline] {
[Pipeline] }
[Pipeline] // timeout
Stage "Deploy producao" skipped due to when conditional
[Pipeline] getContext
[Pipeline] }
[Pipeline] // stage
[Pipeline] stage
[Pipeline] { (Declarative: Post Actions)
[Pipeline] echo
[2026-09-28T18:10:33.972Z] Concluido: carparts/main #11; deploy Azure habilitado=false
[Pipeline] }
[Pipeline] // stage
[Pipeline] }
[Pipeline] // timestamps
[Pipeline] }
[Pipeline] // timeout
[Pipeline] }
[Pipeline] // withEnv
[Pipeline] End of Pipeline

GitHub has been notified of this commit’s build result

Finished: SUCCESS
