Started by user admin
Connecting to https://api.github.com using x-access-token/****** (Token temporario para indexacao GitHub no laboratorio)
Obtained Jenkinsfile from 3ce9db782014bf4f9a6156a075ea5727db29313e
[Pipeline] Start of Pipeline
[Pipeline] withEnv
[Pipeline] {
[Pipeline] timeout
Timeout set to expire in 2 days 0 hr
[Pipeline] {
[Pipeline] timestamps
[Pipeline] {
[Pipeline] stage
[Pipeline] { (CI)
[Pipeline] timeout
[2026-10-01T01:54:49.875Z] Timeout set to expire in 20 min
[Pipeline] {
[Pipeline] node
[2026-10-01T01:54:49.908Z] Running on linux-docker in /home/jenkins/agent/workspace/carparts_main
[Pipeline] {
[Pipeline] checkout
[2026-10-01T01:54:49.942Z] The recommended git tool is: NONE
[2026-10-01T01:54:49.947Z] using credential github-scan
[2026-10-01T01:54:49.956Z] Fetching changes from the remote Git repository
[2026-10-01T01:54:49.963Z] Fetching without tags
[2026-10-01T01:54:50.157Z] Checking out Revision 3ce9db782014bf4f9a6156a075ea5727db29313e (main)
[2026-10-01T01:54:50.167Z] Commit message: "Registra evidencias verificadas de CI e PR e identifica pendencias Azure e webhook"
[2026-10-01T01:54:49.953Z]  > git rev-parse --resolve-git-dir /home/jenkins/agent/workspace/carparts_main/.git # timeout=10
[2026-10-01T01:54:49.960Z]  > git config remote.origin.url https://github.com/miguelsenai2024/Jenkins-Aula-6.git # timeout=10
[2026-10-01T01:54:49.964Z] Fetching upstream changes from https://github.com/miguelsenai2024/Jenkins-Aula-6.git
[2026-10-01T01:54:49.964Z]  > git --version # timeout=10
[2026-10-01T01:54:49.966Z]  > git --version # 'git version 2.47.3'
[2026-10-01T01:54:49.966Z] using GIT_ASKPASS to set credentials Token temporario para indexacao GitHub no laboratorio
[2026-10-01T01:54:49.969Z]  > git fetch --no-tags --force --progress -- https://github.com/miguelsenai2024/Jenkins-Aula-6.git +refs/heads/main:refs/remotes/origin/main # timeout=10
[2026-10-01T01:54:50.158Z]  > git config core.sparsecheckout # timeout=10
[2026-10-01T01:54:50.160Z]  > git checkout -f 3ce9db782014bf4f9a6156a075ea5727db29313e # timeout=10
[2026-10-01T01:54:50.168Z]  > git rev-list --no-walk 3ce9db782014bf4f9a6156a075ea5727db29313e # timeout=10
[2026-10-01T01:54:50.500Z] 
[2026-10-01T01:54:50.500Z] Could not update commit status. Message: {"message":"Resource not accessible by integration","documentation_url":"https://docs.github.com/rest/commits/statuses#create-a-commit-status","status":"403"}
[2026-10-01T01:54:50.500Z] 
[Pipeline] withEnv
[Pipeline] {
[Pipeline] stage
[Pipeline] { (Qualidade)
[Pipeline] script
[Pipeline] {
[Pipeline] sh
[2026-10-01T01:54:50.822Z] + git rev-parse HEAD
[Pipeline] sh
[2026-10-01T01:54:51.107Z] + git show -s --format=%ct HEAD
[Pipeline] }
[Pipeline] // script
[Pipeline] dir
[2026-10-01T01:54:51.153Z] Running in /home/jenkins/agent/workspace/carparts_main/api
[Pipeline] {
[Pipeline] sh
[2026-10-01T01:54:51.427Z] + npm ci
[2026-10-01T01:54:51.428Z] 
[2026-10-01T01:54:51.428Z] up to date, audited 1 package in 175ms
[2026-10-01T01:54:51.428Z] 
[2026-10-01T01:54:51.428Z] found 0 vulnerabilities
[Pipeline] sh
[2026-10-01T01:54:51.702Z] + npm run lint
[2026-10-01T01:54:51.702Z] 
[2026-10-01T01:54:51.702Z] > carparts-api@1.0.0 lint
[2026-10-01T01:54:51.702Z] > node --check server.js && node --check server.test.js
[2026-10-01T01:54:51.702Z] 
[Pipeline] sh
[2026-10-01T01:54:51.976Z] + npm test
[2026-10-01T01:54:51.977Z] 
[2026-10-01T01:54:51.977Z] > carparts-api@1.0.0 pretest
[2026-10-01T01:54:51.977Z] > node -e "require('node:fs').mkdirSync('reports',{recursive:true})"
[2026-10-01T01:54:51.977Z] 
[2026-10-01T01:54:51.977Z] 
[2026-10-01T01:54:51.977Z] > carparts-api@1.0.0 test
[2026-10-01T01:54:51.977Z] > node --test --test-reporter=junit --test-reporter-destination=reports/junit.xml server.test.js
[2026-10-01T01:54:51.977Z] 
[Pipeline] }
[Pipeline] // dir
Post stage
[Pipeline] junit
[2026-10-01T01:54:52.258Z] Recording test results
[2026-10-01T01:54:52.265Z] [Checks API] No suitable checks publisher found.
[Pipeline] }
[Pipeline] // stage
[Pipeline] stage
[Pipeline] { (Build da imagem)
[Pipeline] sh
[2026-10-01T01:54:52.571Z] + docker build --build-arg BUILD_COMMIT=3ce9db782014bf4f9a6156a075ea5727db29313e --build-arg APP_VERSION=4-3ce9db782014 -t carpartsacr.azurecr.io/carparts-api:4-3ce9db782014 api
[2026-10-01T01:54:52.571Z] DEPRECATED: The legacy builder is deprecated and will be removed in a future release.
[2026-10-01T01:54:52.571Z]             Install the buildx component to build images with BuildKit:
[2026-10-01T01:54:52.571Z]             https://docs.docker.com/go/buildx/
[2026-10-01T01:54:52.571Z] 
[2026-10-01T01:54:52.571Z] Sending build context to Docker daemon  7.168kB[2026-10-01T01:54:52.571Z] 
[2026-10-01T01:54:52.571Z] Step 1/10 : FROM node:22-alpine
[2026-10-01T01:54:52.571Z]  ---> 7c3b093add7c
[2026-10-01T01:54:52.571Z] Step 2/10 : ARG BUILD_COMMIT=local
[2026-10-01T01:54:52.571Z]  ---> Using cache
[2026-10-01T01:54:52.571Z]  ---> 0b354791cd26
[2026-10-01T01:54:52.571Z] Step 3/10 : ARG APP_VERSION=dev
[2026-10-01T01:54:52.571Z]  ---> Using cache
[2026-10-01T01:54:52.571Z]  ---> f39a67ac00f7
[2026-10-01T01:54:52.571Z] Step 4/10 : ENV NODE_ENV=production PORT=3000 BUILD_COMMIT=$BUILD_COMMIT APP_VERSION=$APP_VERSION
[2026-10-01T01:54:52.571Z]  ---> Running in 2013ba5ee9e3
[2026-10-01T01:54:53.130Z]  ---> Removed intermediate container 2013ba5ee9e3
[2026-10-01T01:54:53.130Z]  ---> 55f5dd9680ec
[2026-10-01T01:54:53.130Z] Step 5/10 : LABEL org.opencontainers.image.revision=$BUILD_COMMIT
[2026-10-01T01:54:53.130Z]  ---> Running in ed9477f42082
[2026-10-01T01:54:54.052Z]  ---> Removed intermediate container ed9477f42082
[2026-10-01T01:54:54.052Z]  ---> 8b826bef1060
[2026-10-01T01:54:54.052Z] Step 6/10 : WORKDIR /app
[2026-10-01T01:54:54.053Z]  ---> Running in 04843ab12cf7
[2026-10-01T01:54:55.412Z]  ---> Removed intermediate container 04843ab12cf7
[2026-10-01T01:54:55.412Z]  ---> b6da5497bc9a
[2026-10-01T01:54:55.412Z] Step 7/10 : COPY --chown=node:node package.json server.js ./
[2026-10-01T01:54:56.335Z]  ---> 34b42225f39d
[2026-10-01T01:54:56.335Z] Step 8/10 : USER node
[2026-10-01T01:54:56.335Z]  ---> Running in f1e132fa54ee
[2026-10-01T01:54:57.257Z]  ---> Removed intermediate container f1e132fa54ee
[2026-10-01T01:54:57.257Z]  ---> 8cb90dc74960
[2026-10-01T01:54:57.257Z] Step 9/10 : EXPOSE 3000
[2026-10-01T01:54:57.257Z]  ---> Running in 1dbf892bfeb3
[2026-10-01T01:54:58.180Z]  ---> Removed intermediate container 1dbf892bfeb3
[2026-10-01T01:54:58.180Z]  ---> d2b11e1ca731
[2026-10-01T01:54:58.180Z] Step 10/10 : CMD ["node", "server.js"]
[2026-10-01T01:54:58.180Z]  ---> Running in 455506ad5761
[2026-10-01T01:54:59.101Z]  ---> Removed intermediate container 455506ad5761
[2026-10-01T01:54:59.101Z]  ---> fca3101b86e5
[2026-10-01T01:54:59.101Z] Successfully built fca3101b86e5
[2026-10-01T01:54:59.101Z] Successfully tagged carpartsacr.azurecr.io/carparts-api:4-3ce9db782014
[Pipeline] sh
[2026-10-01T01:54:59.380Z] + set -eu
[2026-10-01T01:54:59.380Z] + date +%s
[2026-10-01T01:54:59.380Z] + CONTAINER=smoke-4-1790819699
[2026-10-01T01:54:59.380Z] + trap docker rm -f "$CONTAINER" >/dev/null 2>&1 || true EXIT
[2026-10-01T01:54:59.380Z] + docker run -d --name smoke-4-1790819699 carpartsacr.azurecr.io/carparts-api:4-3ce9db782014
[2026-10-01T01:54:59.380Z] b96ea50990bd8b2237efb2414ffa2a383f27f850c29fbbc56a021365606619c1
[2026-10-01T01:54:59.380Z] + docker exec smoke-4-1790819699 node --input-type=module -e 
[2026-10-01T01:54:59.380Z]                                 for(let attempt=0;attempt<30;attempt++) {
[2026-10-01T01:54:59.380Z]                                     try {
[2026-10-01T01:54:59.380Z]                                         const r=await fetch("http://localhost:3000/health");
[2026-10-01T01:54:59.380Z]                                         const body=await r.json();
[2026-10-01T01:54:59.380Z]                                         if(!r.ok || body.commit!==process.env.BUILD_COMMIT) throw Error("Artefato inesperado");
[2026-10-01T01:54:59.380Z]                                         console.log(JSON.stringify(body)); process.exit(0);
[2026-10-01T01:54:59.380Z]                                     } catch(e) { if(attempt===29) throw e; await new Promise(r=>setTimeout(r,1000)); }
[2026-10-01T01:54:59.380Z]                                 }
[2026-10-01T01:54:59.637Z] {"status":"ok","app":"carparts-api","version":"4-3ce9db782014","commit":"3ce9db782014bf4f9a6156a075ea5727db29313e"}
[2026-10-01T01:54:59.637Z] + docker rm -f smoke-4-1790819699
[Pipeline] }
[Pipeline] // stage
[Pipeline] stage
[Pipeline] { (Publicacao no ACR)
Stage "Publicacao no ACR" skipped due to when conditional
[Pipeline] getContext
[Pipeline] }
[Pipeline] // stage
[Pipeline] }
[Pipeline] // withEnv
[Pipeline] }
[Pipeline] // node
[Pipeline] }
[Pipeline] // timeout
[Pipeline] }
[Pipeline] // stage
[Pipeline] stage
[Pipeline] { (Deploy homologacao)
[Pipeline] timeout
[2026-10-01T01:54:59.834Z] Timeout set to expire in 15 min
[Pipeline] {
[Pipeline] }
[Pipeline] // timeout
Stage "Deploy homologacao" skipped due to when conditional
[Pipeline] getContext
[Pipeline] }
[Pipeline] // stage
[Pipeline] stage
[Pipeline] { (Aprovacao)
Stage "Aprovacao" skipped due to when conditional
[Pipeline] getContext
[Pipeline] }
[Pipeline] // stage
[Pipeline] stage
[Pipeline] { (Deploy producao)
[Pipeline] timeout
[2026-10-01T01:54:59.940Z] Timeout set to expire in 15 min
[Pipeline] {
[Pipeline] }
[Pipeline] // timeout
Stage "Deploy producao" skipped due to when conditional
[Pipeline] getContext
[Pipeline] }
[Pipeline] // stage
[Pipeline] stage
[Pipeline] { (Declarative: Post Actions)
[Pipeline] echo
[2026-10-01T01:55:00.009Z] Concluido: carparts/main #4; deploy Azure habilitado=false
[Pipeline] }
[Pipeline] // stage
[Pipeline] }
[Pipeline] // timestamps
[Pipeline] }
[Pipeline] // timeout
[Pipeline] }
[Pipeline] // withEnv
[Pipeline] End of Pipeline
