Started by user admin
Connecting to https://api.github.com using x-access-token/****** (Token temporario para indexacao GitHub no laboratorio)
Obtained Jenkinsfile from 3ce9db782014bf4f9a6156a075ea5727db29313e
[Pipeline] Start of Pipeline
[Pipeline] withEnv
[Pipeline] {
[Pipeline] timeout
Timeout set to expire in 2 days 0 hr
[Pipeline] {
[Pipeline] timestamps
[Pipeline] {
[Pipeline] stage
[Pipeline] { (CI)
[Pipeline] timeout
[2026-10-01T01:55:49.780Z] Timeout set to expire in 20 min
[Pipeline] {
[Pipeline] node
[2026-10-01T01:55:49.810Z] Running on linux-docker in /home/jenkins/agent/workspace/carparts_main
[Pipeline] {
[Pipeline] checkout
[2026-10-01T01:55:49.844Z] The recommended git tool is: NONE
[2026-10-01T01:55:49.852Z] using credential github-scan
[2026-10-01T01:55:49.860Z] Fetching changes from the remote Git repository
[2026-10-01T01:55:49.866Z] Fetching without tags
[2026-10-01T01:55:50.048Z] Checking out Revision 3ce9db782014bf4f9a6156a075ea5727db29313e (main)
[2026-10-01T01:55:50.058Z] Commit message: "Registra evidencias verificadas de CI e PR e identifica pendencias Azure e webhook"
[2026-10-01T01:55:49.856Z]  > git rev-parse --resolve-git-dir /home/jenkins/agent/workspace/carparts_main/.git # timeout=10
[2026-10-01T01:55:49.863Z]  > git config remote.origin.url https://github.com/miguelsenai2024/Jenkins-Aula-6.git # timeout=10
[2026-10-01T01:55:49.867Z] Fetching upstream changes from https://github.com/miguelsenai2024/Jenkins-Aula-6.git
[2026-10-01T01:55:49.867Z]  > git --version # timeout=10
[2026-10-01T01:55:49.870Z]  > git --version # 'git version 2.47.3'
[2026-10-01T01:55:49.870Z] using GIT_ASKPASS to set credentials Token temporario para indexacao GitHub no laboratorio
[2026-10-01T01:55:49.873Z]  > git fetch --no-tags --force --progress -- https://github.com/miguelsenai2024/Jenkins-Aula-6.git +refs/heads/main:refs/remotes/origin/main # timeout=10
[2026-10-01T01:55:50.049Z]  > git config core.sparsecheckout # timeout=10
[2026-10-01T01:55:50.052Z]  > git checkout -f 3ce9db782014bf4f9a6156a075ea5727db29313e # timeout=10
[2026-10-01T01:55:50.059Z]  > git rev-list --no-walk 3ce9db782014bf4f9a6156a075ea5727db29313e # timeout=10
[2026-10-01T01:55:50.457Z] 
[2026-10-01T01:55:50.457Z] Could not update commit status. Message: {"message":"Resource not accessible by integration","documentation_url":"https://docs.github.com/rest/commits/statuses#create-a-commit-status","status":"403"}
[2026-10-01T01:55:50.457Z] 
[Pipeline] withEnv
[Pipeline] {
[Pipeline] stage
[Pipeline] { (Qualidade)
[Pipeline] script
[Pipeline] {
[Pipeline] sh
[2026-10-01T01:55:50.774Z] + git rev-parse HEAD
[Pipeline] sh
[2026-10-01T01:55:51.051Z] + git show -s --format=%ct HEAD
[Pipeline] }
[Pipeline] // script
[Pipeline] dir
[2026-10-01T01:55:51.093Z] Running in /home/jenkins/agent/workspace/carparts_main/api
[Pipeline] {
[Pipeline] sh
[2026-10-01T01:55:51.369Z] + npm ci
[2026-10-01T01:55:51.369Z] 
[2026-10-01T01:55:51.369Z] up to date, audited 1 package in 179ms
[2026-10-01T01:55:51.369Z] 
[2026-10-01T01:55:51.369Z] found 0 vulnerabilities
[Pipeline] sh
[2026-10-01T01:55:51.640Z] + npm run lint
[2026-10-01T01:55:51.640Z] 
[2026-10-01T01:55:51.640Z] > carparts-api@1.0.0 lint
[2026-10-01T01:55:51.640Z] > node --check server.js && node --check server.test.js
[2026-10-01T01:55:51.640Z] 
[Pipeline] sh
[2026-10-01T01:55:51.914Z] + npm test
[2026-10-01T01:55:51.914Z] 
[2026-10-01T01:55:51.914Z] > carparts-api@1.0.0 pretest
[2026-10-01T01:55:51.914Z] > node -e "require('node:fs').mkdirSync('reports',{recursive:true})"
[2026-10-01T01:55:51.914Z] 
[2026-10-01T01:55:51.914Z] 
[2026-10-01T01:55:51.914Z] > carparts-api@1.0.0 test
[2026-10-01T01:55:51.914Z] > node --test --test-reporter=junit --test-reporter-destination=reports/junit.xml server.test.js
[2026-10-01T01:55:51.914Z] 
[Pipeline] }
[Pipeline] // dir
Post stage
[Pipeline] junit
[2026-10-01T01:55:52.195Z] Recording test results
[2026-10-01T01:55:52.201Z] [Checks API] No suitable checks publisher found.
[Pipeline] }
[Pipeline] // stage
[Pipeline] stage
[Pipeline] { (Build da imagem)
[Pipeline] sh
[2026-10-01T01:55:52.538Z] + docker build --build-arg BUILD_COMMIT=3ce9db782014bf4f9a6156a075ea5727db29313e --build-arg APP_VERSION=7-3ce9db782014 -t carpartsacr.azurecr.io/carparts-api:7-3ce9db782014 api
[2026-10-01T01:55:52.539Z] DEPRECATED: The legacy builder is deprecated and will be removed in a future release.
[2026-10-01T01:55:52.539Z]             Install the buildx component to build images with BuildKit:
[2026-10-01T01:55:52.539Z]             https://docs.docker.com/go/buildx/
[2026-10-01T01:55:52.539Z] 
[2026-10-01T01:55:52.539Z] Sending build context to Docker daemon  7.168kB[2026-10-01T01:55:52.539Z] 
[2026-10-01T01:55:52.539Z] Step 1/10 : FROM node:22-alpine
[2026-10-01T01:55:52.539Z]  ---> 7c3b093add7c
[2026-10-01T01:55:52.539Z] Step 2/10 : ARG BUILD_COMMIT=local
[2026-10-01T01:55:52.539Z]  ---> Using cache
[2026-10-01T01:55:52.539Z]  ---> 0b354791cd26
[2026-10-01T01:55:52.539Z] Step 3/10 : ARG APP_VERSION=dev
[2026-10-01T01:55:52.539Z]  ---> Using cache
[2026-10-01T01:55:52.539Z]  ---> f39a67ac00f7
[2026-10-01T01:55:52.539Z] Step 4/10 : ENV NODE_ENV=production PORT=3000 BUILD_COMMIT=$BUILD_COMMIT APP_VERSION=$APP_VERSION
[2026-10-01T01:55:52.539Z]  ---> Running in 8fc643f7549b
[2026-10-01T01:55:53.097Z]  ---> Removed intermediate container 8fc643f7549b
[2026-10-01T01:55:53.097Z]  ---> 884760ccda11
[2026-10-01T01:55:53.097Z] Step 5/10 : LABEL org.opencontainers.image.revision=$BUILD_COMMIT
[2026-10-01T01:55:53.097Z]  ---> Running in 0c4c484137de
[2026-10-01T01:55:54.018Z]  ---> Removed intermediate container 0c4c484137de
[2026-10-01T01:55:54.018Z]  ---> a6eeb513209a
[2026-10-01T01:55:54.018Z] Step 6/10 : WORKDIR /app
[2026-10-01T01:55:54.272Z]  ---> Running in ea29d4aff781
[2026-10-01T01:55:55.193Z]  ---> Removed intermediate container ea29d4aff781
[2026-10-01T01:55:55.193Z]  ---> 67afa0e773a1
[2026-10-01T01:55:55.193Z] Step 7/10 : COPY --chown=node:node package.json server.js ./
[2026-10-01T01:55:56.117Z]  ---> 28de920d10ca
[2026-10-01T01:55:56.117Z] Step 8/10 : USER node
[2026-10-01T01:55:56.117Z]  ---> Running in 81ed1bbf2396
[2026-10-01T01:55:57.039Z]  ---> Removed intermediate container 81ed1bbf2396
[2026-10-01T01:55:57.039Z]  ---> 2df47a831f50
[2026-10-01T01:55:57.039Z] Step 9/10 : EXPOSE 3000
[2026-10-01T01:55:57.039Z]  ---> Running in 0fa35f21dfba
[2026-10-01T01:55:58.395Z]  ---> Removed intermediate container 0fa35f21dfba
[2026-10-01T01:55:58.395Z]  ---> 8a88bdb58a73
[2026-10-01T01:55:58.395Z] Step 10/10 : CMD ["node", "server.js"]
[2026-10-01T01:55:58.395Z]  ---> Running in 9318a7e4c23b
[2026-10-01T01:55:59.317Z]  ---> Removed intermediate container 9318a7e4c23b
[2026-10-01T01:55:59.317Z]  ---> d95756bca801
[2026-10-01T01:55:59.317Z] Successfully built d95756bca801
[2026-10-01T01:55:59.317Z] Successfully tagged carpartsacr.azurecr.io/carparts-api:7-3ce9db782014
[Pipeline] sh
[2026-10-01T01:55:59.593Z] + set -eu
[2026-10-01T01:55:59.593Z] + date +%s
[2026-10-01T01:55:59.593Z] + CONTAINER=smoke-7-1790819759
[2026-10-01T01:55:59.593Z] + trap docker rm -f "$CONTAINER" >/dev/null 2>&1 || true EXIT
[2026-10-01T01:55:59.593Z] + docker run -d --name smoke-7-1790819759 carpartsacr.azurecr.io/carparts-api:7-3ce9db782014
[2026-10-01T01:55:59.593Z] b652e0219039d6a45d464dc7d34df906879ed45cb138d2359e64e2adefc60c71
[2026-10-01T01:55:59.593Z] + docker exec smoke-7-1790819759 node --input-type=module -e 
[2026-10-01T01:55:59.593Z]                                 for(let attempt=0;attempt<30;attempt++) {
[2026-10-01T01:55:59.593Z]                                     try {
[2026-10-01T01:55:59.593Z]                                         const r=await fetch("http://localhost:3000/health");
[2026-10-01T01:55:59.593Z]                                         const body=await r.json();
[2026-10-01T01:55:59.593Z]                                         if(!r.ok || body.commit!==process.env.BUILD_COMMIT) throw Error("Artefato inesperado");
[2026-10-01T01:55:59.593Z]                                         console.log(JSON.stringify(body)); process.exit(0);
[2026-10-01T01:55:59.593Z]                                     } catch(e) { if(attempt===29) throw e; await new Promise(r=>setTimeout(r,1000)); }
[2026-10-01T01:55:59.593Z]                                 }
[2026-10-01T01:55:59.848Z] {"status":"ok","app":"carparts-api","version":"7-3ce9db782014","commit":"3ce9db782014bf4f9a6156a075ea5727db29313e"}
[2026-10-01T01:55:59.848Z] + docker rm -f smoke-7-1790819759
[Pipeline] }
[Pipeline] // stage
[Pipeline] stage
[Pipeline] { (Publicacao no ACR)
Stage "Publicacao no ACR" skipped due to when conditional
[Pipeline] getContext
[Pipeline] }
[Pipeline] // stage
[Pipeline] }
[Pipeline] // withEnv
[Pipeline] }
[Pipeline] // node
[Pipeline] }
[Pipeline] // timeout
[Pipeline] }
[Pipeline] // stage
[Pipeline] stage
[Pipeline] { (Deploy homologacao)
[Pipeline] timeout
[2026-10-01T01:56:00.272Z] Timeout set to expire in 15 min
[Pipeline] {
[Pipeline] }
[Pipeline] // timeout
Stage "Deploy homologacao" skipped due to when conditional
[Pipeline] getContext
[Pipeline] }
[Pipeline] // stage
[Pipeline] stage
[Pipeline] { (Aprovacao)
Stage "Aprovacao" skipped due to when conditional
[Pipeline] getContext
[Pipeline] }
[Pipeline] // stage
[Pipeline] stage
[Pipeline] { (Deploy producao)
[Pipeline] timeout
[2026-10-01T01:56:00.378Z] Timeout set to expire in 15 min
[Pipeline] {
[Pipeline] }
[Pipeline] // timeout
Stage "Deploy producao" skipped due to when conditional
[Pipeline] getContext
[Pipeline] }
[Pipeline] // stage
[Pipeline] stage
[Pipeline] { (Declarative: Post Actions)
[Pipeline] echo
[2026-10-01T01:56:00.447Z] Concluido: carparts/main #7; deploy Azure habilitado=false
[Pipeline] }
[Pipeline] // stage
[Pipeline] }
[Pipeline] // timestamps
[Pipeline] }
[Pipeline] // timeout
[Pipeline] }
[Pipeline] // withEnv
[Pipeline] End of Pipeline

Could not update commit status. Message: {"message":"Resource not accessible by integration","documentation_url":"https://docs.github.com/rest/commits/statuses#create-a-commit-status","status":"403"}

Finished: SUCCESS
