Started by user admin
Connecting to https://api.github.com using x-access-token/****** (Token temporario para indexacao GitHub no laboratorio)
Obtained Jenkinsfile from c6fc646d92df81f8a167586cdc4963b1c9ec2966
[Pipeline] Start of Pipeline
[Pipeline] withEnv
[Pipeline] {
[Pipeline] timeout
Timeout set to expire in 2 days 0 hr
[Pipeline] {
[Pipeline] timestamps
[Pipeline] {
[Pipeline] stage
[Pipeline] { (CI)
[Pipeline] timeout
[2026-09-28T18:09:01.146Z] Timeout set to expire in 20 min
[Pipeline] {
[Pipeline] node
[2026-09-28T18:09:01.168Z] Running on linux-docker in /home/jenkins/agent/workspace/carparts_main
[Pipeline] {
[Pipeline] checkout
[2026-09-28T18:09:01.250Z] The recommended git tool is: NONE
[2026-09-28T18:09:01.254Z] using credential github-scan
[2026-09-28T18:09:01.259Z] Fetching changes from the remote Git repository
[2026-09-28T18:09:01.264Z] Fetching without tags
[2026-09-28T18:09:01.520Z] Checking out Revision c6fc646d92df81f8a167586cdc4963b1c9ec2966 (main)
[2026-09-28T18:09:01.531Z] Commit message: "Autentica indexacao Multibranch com token efemero do GitHub Actions"
[2026-09-28T18:09:01.256Z]  > git rev-parse --resolve-git-dir /home/jenkins/agent/workspace/carparts_main/.git # timeout=10
[2026-09-28T18:09:01.261Z]  > git config remote.origin.url https://github.com/miguelsenai2024/Jenkins-Aula-6.git # timeout=10
[2026-09-28T18:09:01.265Z] Fetching upstream changes from https://github.com/miguelsenai2024/Jenkins-Aula-6.git
[2026-09-28T18:09:01.265Z]  > git --version # timeout=10
[2026-09-28T18:09:01.267Z]  > git --version # 'git version 2.47.3'
[2026-09-28T18:09:01.267Z] using GIT_ASKPASS to set credentials Token temporario para indexacao GitHub no laboratorio
[2026-09-28T18:09:01.269Z]  > git fetch --no-tags --force --progress -- https://github.com/miguelsenai2024/Jenkins-Aula-6.git +refs/heads/main:refs/remotes/origin/main # timeout=10
[2026-09-28T18:09:01.522Z]  > git config core.sparsecheckout # timeout=10
[2026-09-28T18:09:01.524Z]  > git checkout -f c6fc646d92df81f8a167586cdc4963b1c9ec2966 # timeout=10
[2026-09-28T18:09:01.532Z]  > git rev-list --no-walk c6fc646d92df81f8a167586cdc4963b1c9ec2966 # timeout=10
[Pipeline] withEnv
[Pipeline] {
[Pipeline] stage
[Pipeline] { (Qualidade)
[Pipeline] script
[Pipeline] {
[Pipeline] sh
[2026-09-28T18:09:03.289Z] + git rev-parse HEAD
[Pipeline] sh
[2026-09-28T18:09:03.621Z] + git show -s --format=%ct HEAD
[Pipeline] }
[Pipeline] // script
[Pipeline] dir
[2026-09-28T18:09:03.737Z] Running in /home/jenkins/agent/workspace/carparts_main/api
[Pipeline] {
[Pipeline] sh
[2026-09-28T18:09:04.035Z] + npm ci
[2026-09-28T18:09:04.035Z] 
[2026-09-28T18:09:04.035Z] up to date, audited 1 package in 135ms
[2026-09-28T18:09:04.035Z] 
[2026-09-28T18:09:04.035Z] found 0 vulnerabilities
[Pipeline] sh
[2026-09-28T18:09:04.528Z] + npm run lint
[2026-09-28T18:09:04.528Z] 
[2026-09-28T18:09:04.528Z] > carparts-api@1.0.0 lint
[2026-09-28T18:09:04.528Z] > node --check server.js && node --check server.test.js
[2026-09-28T18:09:04.528Z] 
[Pipeline] sh
[2026-09-28T18:09:04.969Z] + npm test
[2026-09-28T18:09:04.969Z] 
[2026-09-28T18:09:04.969Z] > carparts-api@1.0.0 pretest
[2026-09-28T18:09:04.969Z] > node -e "require('node:fs').mkdirSync('reports',{recursive:true})"
[2026-09-28T18:09:04.969Z] 
[2026-09-28T18:09:04.969Z] 
[2026-09-28T18:09:04.969Z] > carparts-api@1.0.0 test
[2026-09-28T18:09:04.969Z] > node --test --test-reporter=junit --test-reporter-destination=reports/junit.xml server.test.js
[2026-09-28T18:09:04.969Z] 
[Pipeline] }
[Pipeline] // dir
Post stage
[Pipeline] junit
[2026-09-28T18:09:05.202Z] Recording test results
[2026-09-28T18:09:05.208Z] [Checks API] No suitable checks publisher found.
[Pipeline] }
[Pipeline] // stage
[Pipeline] stage
[Pipeline] { (Build da imagem)
[Pipeline] sh
[2026-09-28T18:09:05.902Z] + docker build --build-arg BUILD_COMMIT=c6fc646d92df81f8a167586cdc4963b1c9ec2966 --build-arg APP_VERSION=8-c6fc646d92df -t carpartsacr.azurecr.io/carparts-api:8-c6fc646d92df api
[2026-09-28T18:09:05.902Z] DEPRECATED: The legacy builder is deprecated and will be removed in a future release.
[2026-09-28T18:09:05.902Z]             Install the buildx component to build images with BuildKit:
[2026-09-28T18:09:05.902Z]             https://docs.docker.com/go/buildx/
[2026-09-28T18:09:05.902Z] 
[2026-09-28T18:09:05.902Z] Sending build context to Docker daemon  7.168kB[2026-09-28T18:09:05.902Z] 
[2026-09-28T18:09:05.902Z] Step 1/10 : FROM node:22-alpine
[2026-09-28T18:09:05.902Z]  ---> 7c3b093add7c
[2026-09-28T18:09:05.902Z] Step 2/10 : ARG BUILD_COMMIT=local
[2026-09-28T18:09:05.902Z]  ---> Using cache
[2026-09-28T18:09:05.902Z]  ---> 67cb02d9d96e
[2026-09-28T18:09:05.902Z] Step 3/10 : ARG APP_VERSION=dev
[2026-09-28T18:09:05.902Z]  ---> Using cache
[2026-09-28T18:09:05.902Z]  ---> 0222c69eddc2
[2026-09-28T18:09:05.902Z] Step 4/10 : ENV NODE_ENV=production PORT=3000 BUILD_COMMIT=$BUILD_COMMIT APP_VERSION=$APP_VERSION
[2026-09-28T18:09:05.902Z]  ---> Running in b844e3ed9c07
[2026-09-28T18:09:06.156Z]  ---> Removed intermediate container b844e3ed9c07
[2026-09-28T18:09:06.156Z]  ---> 966b11e68683
[2026-09-28T18:09:06.156Z] Step 5/10 : LABEL org.opencontainers.image.revision=$BUILD_COMMIT
[2026-09-28T18:09:06.156Z]  ---> Running in 8d45de00ef09
[2026-09-28T18:09:07.513Z]  ---> Removed intermediate container 8d45de00ef09
[2026-09-28T18:09:07.513Z]  ---> 9db4a56cfc4d
[2026-09-28T18:09:07.513Z] Step 6/10 : WORKDIR /app
[2026-09-28T18:09:07.513Z]  ---> Running in bb6bfb841572
[2026-09-28T18:09:08.506Z]  ---> Removed intermediate container bb6bfb841572
[2026-09-28T18:09:08.506Z]  ---> 149b222f6c79
[2026-09-28T18:09:08.506Z] Step 7/10 : COPY --chown=node:node package.json server.js ./
[2026-09-28T18:09:09.428Z]  ---> 1dd95134e248
[2026-09-28T18:09:09.428Z] Step 8/10 : USER node
[2026-09-28T18:09:09.428Z]  ---> Running in 77419b98c4c5
[2026-09-28T18:09:10.349Z]  ---> Removed intermediate container 77419b98c4c5
[2026-09-28T18:09:10.349Z]  ---> 4c1395647cdc
[2026-09-28T18:09:10.349Z] Step 9/10 : EXPOSE 3000
[2026-09-28T18:09:10.349Z]  ---> Running in 08fd239f75cb
[2026-09-28T18:09:11.387Z]  ---> Removed intermediate container 08fd239f75cb
[2026-09-28T18:09:11.387Z]  ---> 32cae5cf7111
[2026-09-28T18:09:11.387Z] Step 10/10 : CMD ["node", "server.js"]
[2026-09-28T18:09:11.642Z]  ---> Running in 0e3638ea1d84
[2026-09-28T18:09:12.201Z]  ---> Removed intermediate container 0e3638ea1d84
[2026-09-28T18:09:12.201Z]  ---> 34c871b145ec
[2026-09-28T18:09:12.201Z] Successfully built 34c871b145ec
[2026-09-28T18:09:12.201Z] Successfully tagged carpartsacr.azurecr.io/carparts-api:8-c6fc646d92df
[Pipeline] sh
[2026-09-28T18:09:12.478Z] + set -eu
[2026-09-28T18:09:12.478Z] + date +%s
[2026-09-28T18:09:12.478Z] + CONTAINER=smoke-8-1790618952
[2026-09-28T18:09:12.478Z] + trap docker rm -f "$CONTAINER" >/dev/null 2>&1 || true EXIT
[2026-09-28T18:09:12.478Z] + docker run -d --name smoke-8-1790618952 carpartsacr.azurecr.io/carparts-api:8-c6fc646d92df
[2026-09-28T18:09:12.478Z] 5936b2e62ded1153af54c57621de23b4fbca614f961dc88b608fd89a766c26b9
[2026-09-28T18:09:13.172Z] + docker exec smoke-8-1790618952 node --input-type=module -e 
[2026-09-28T18:09:13.172Z]                                 for(let attempt=0;attempt<30;attempt++) {
[2026-09-28T18:09:13.172Z]                                     try {
[2026-09-28T18:09:13.172Z]                                         const r=await fetch("http://localhost:3000/health");
[2026-09-28T18:09:13.172Z]                                         const body=await r.json();
[2026-09-28T18:09:13.172Z]                                         if(!r.ok || body.commit!==process.env.BUILD_COMMIT) throw Error("Artefato inesperado");
[2026-09-28T18:09:13.172Z]                                         console.log(JSON.stringify(body)); process.exit(0);
[2026-09-28T18:09:13.172Z]                                     } catch(e) { if(attempt===29) throw e; await new Promise(r=>setTimeout(r,1000)); }
[2026-09-28T18:09:13.172Z]                                 }
[2026-09-28T18:09:13.428Z] {"status":"ok","app":"carparts-api","version":"8-c6fc646d92df","commit":"c6fc646d92df81f8a167586cdc4963b1c9ec2966"}
[2026-09-28T18:09:13.428Z] + docker rm -f smoke-8-1790618952
[Pipeline] }
[Pipeline] // stage
[Pipeline] stage
[Pipeline] { (Publicacao no ACR)
Stage "Publicacao no ACR" skipped due to when conditional
[Pipeline] getContext
[Pipeline] }
[Pipeline] // stage
[Pipeline] }
[Pipeline] // withEnv
[Pipeline] }
[Pipeline] // node
[Pipeline] }
[Pipeline] // timeout
[Pipeline] }
[Pipeline] // stage
[Pipeline] stage
[Pipeline] { (Deploy homologacao)
[Pipeline] timeout
[2026-09-28T18:09:14.105Z] Timeout set to expire in 15 min
[Pipeline] {
[Pipeline] }
[Pipeline] // timeout
Stage "Deploy homologacao" skipped due to when conditional
[Pipeline] getContext
[Pipeline] }
[Pipeline] // stage
[Pipeline] stage
[Pipeline] { (Aprovacao)
Stage "Aprovacao" skipped due to when conditional
[Pipeline] getContext
[Pipeline] }
[Pipeline] // stage
[Pipeline] stage
[Pipeline] { (Deploy producao)
[Pipeline] timeout
[2026-09-28T18:09:14.358Z] Timeout set to expire in 15 min
[Pipeline] {
[Pipeline] }
[Pipeline] // timeout
Stage "Deploy producao" skipped due to when conditional
[Pipeline] getContext
[Pipeline] }
[Pipeline] // stage
[Pipeline] stage
[Pipeline] { (Declarative: Post Actions)
[Pipeline] echo
[2026-09-28T18:09:14.540Z] Concluido: carparts/main #8; deploy Azure habilitado=false
[Pipeline] }
[Pipeline] // stage
[Pipeline] }
[Pipeline] // timestamps
[Pipeline] }
[Pipeline] // timeout
[Pipeline] }
[Pipeline] // withEnv
[Pipeline] End of Pipeline
